---
source: src/tests.rs
assertion_line: 22
expression: "rustfmt_snippet::rustfmt_token_stream(&stream).unwrap()"
---
#[derive(Serialize, Deserialize, TypeInfo, Clone, PartialEq, Message)]
pub struct Attestation {
    #[prost(int32, tag = "1")]
    pub version: i32,
    #[prost(string, tag = "2")]
    pub provider: ::prost::alloc::string::String,
    #[prost(message, optional, tag = "3")]
    pub payload: ::core::option::Option<AttestationReport>,
    #[prost(bytes = "vec", tag = "5")]
    #[serde(with = "as_hexed_bytes")]
    pub encoded_report: ::prost::alloc::vec::Vec<u8>,
    #[prost(bytes = "vec", tag = "6")]
    #[serde(with = "as_hexed_bytes")]
    pub timestamp: ::prost::alloc::vec::Vec<u8>,
}
